[i] Trick: self-consistency-CoT | Temp: 0.7 | n: 10
Traceback (most recent call last):
  File "/rds/general/user/yx3422/home/m4r_project/scripts/llama_evaluation_sc.py", line 270, in <module>
    llama_answer_generation(
  File "/rds/general/user/yx3422/home/m4r_project/scripts/llama_evaluation_sc.py", line 140, in llama_answer_generation
    df = pd.read_csv(file_path)
  File "/rds/general/user/yx3422/home/miniconda3/envs/llama_eval/lib/python3.10/site-packages/pandas/util/_decorators.py", line 211, in wrapper
    return func(*args, **kwargs)
  File "/rds/general/user/yx3422/home/miniconda3/envs/llama_eval/lib/python3.10/site-packages/pandas/util/_decorators.py", line 331, in wrapper
    return func(*args, **kwargs)
  File "/rds/general/user/yx3422/home/miniconda3/envs/llama_eval/lib/python3.10/site-packages/pandas/io/parsers/readers.py", line 950, in read_csv
    return _read(filepath_or_buffer, kwds)
  File "/rds/general/user/yx3422/home/miniconda3/envs/llama_eval/lib/python3.10/site-packages/pandas/io/parsers/readers.py", line 605, in _read
    parser = TextFileReader(filepath_or_buffer, **kwds)
  File "/rds/general/user/yx3422/home/miniconda3/envs/llama_eval/lib/python3.10/site-packages/pandas/io/parsers/readers.py", line 1442, in __init__
    self._engine = self._make_engine(f, self.engine)
  File "/rds/general/user/yx3422/home/miniconda3/envs/llama_eval/lib/python3.10/site-packages/pandas/io/parsers/readers.py", line 1735, in _make_engine
    self.handles = get_handle(
  File "/rds/general/user/yx3422/home/miniconda3/envs/llama_eval/lib/python3.10/site-packages/pandas/io/common.py", line 856, in get_handle
    handle = open(
FileNotFoundError: [Errno 2] No such file or directory: 'statqa/mini-StatQA for self-consistency-CoT.csv'
